#@ # 
#@ # Running fc_shell Version V-2023.12-SP4 for linux64 -- Jun 03, 2024
#@ # Date:   Thu Jul 30 12:22:20 2026
#@ # Run by: RanjithKC@mavenserver-RH3
#@ 

gui_set_pref_value -category {SelectByNamePalette} -key {ObjectType} -value {Logical Cells}

source -echo ../script/setup.tcl 
 
create_lib -technology $TECH_FILE -ref_libs $REFERENCE_LIBRARY Router_mini.dlib

analyze -format verilog [glob ../../../../../Project/router_pnr_flow/synthysis_DC/rtl/*.v]
elaborate router_top
set_top_module router_top
reset_upf
load_upf ../script/single_domain.upf 
commit_upf
check_mv_design
win_set_filter -visible -class cell -filter {assembly_die_margin bridge clock_margin hard_macro_margin hard_margin route_blockage_margin seal_ring_margin soft_margin substrate} -layer {}
win_set_filter -visible -class pseudo_bump -filter {deleted} -layer {}
win_set_filter -visible -class pseudo_tsv -filter {deleted} -layer {}
win_set_filter -visible -class placement_blockage -filter {wiring} -layer {0-82}
win_set_filter -expand_cell_types {soft_macro  }
win_set_select_class -visible {cell port bound routing_blockage shaping_blockage pg_region bump_region pseudo_bump pseudo_tsv pin_blockage block_shielding topology_node topology_edge topology_repeater annotation_shape core_area die_area edit_group shape via terminal fill_cell metal_area metal_area_hole placement_blockage }
win_set_filter -class cell -filter {array assembly_die_margin bridge clock_margin hard_macro_margin hard_margin route_blockage_margin seal_ring_margin soft_margin substrate} -layer {}
win_set_filter -class pseudo_bump -filter {deleted} -layer {}
win_set_filter -class pseudo_tsv -filter {deleted} -layer {}
win_set_filter -class placement_blockage -filter {wiring} -layer {0-82}
win_set_select_class {cell port bound routing_blockage shaping_blockage pg_region bump_region pseudo_bump pseudo_tsv pin_blockage topology_node topology_edge topology_repeater annotation_shape edit_group shape via metal_area metal_area_hole placement_blockage }
check_mv_design
save_block -as router_top/1_single_domain_upf_completed

read_parasitic_tech -layermap ../../../ref/tech/saed32nm_tf_itf_tluplus.map -tlup ../../../ref/tech/saed32nm_1p9m_Cmax.lv.nxtgrd -name maxTLU
read_parasitic_tech -layermap ../../../ref/tech/saed32nm_tf_itf_tluplus.map -tlup ../../../ref/tech/saed32nm_1p9m_Cmin.lv.nxtgrd -name minTLU

report_lib -parasitic_tech Router_mini.dlib

set_attribute [get_layers {M1 M3 M5 M7 M9}] routing_direction horizontal
set_attribute [get_layers {M2 M4 M6 M8}] routing_direction vertical
report_ignored_layers
set_ignored_layers -max_routing_layer M8
report_ignored_layers

save_block -as router_top/2_read_paracitics
source -echo ../design_data/mcmm_risc_core.tcl 
report_scenarios
report_modes
report_pvt
save_block -as router_top/3_MCMM_completed

get_lib_cells -filter "function_id==a0.0"
get_lib_cells -filter "function_id==Ia0.0"

set_dont_touch [get_lib_cells */TIE*] false
set_lib_cell_purpose -include optimization [get_lib_cells */TIE*]

# it reset after initial map only
#remove_cells *TIE* -force

compile_fusion -from initial_map -to initial_map
report_unloaded_registers
report_clock_gating
save_block -as router_top/4_initial_mapping
compile_fusion -from logic_opto -to logic_opto
gui_zoom -window [gui_get_current_window -view] -full
legalize_placement
save_block -as router_top/5_logical_optimization
initialize_floorplan -control_type die -side_ratio {2 2} -core_offset {10}
shape_blocks
gui_set_setting -window [gui_get_current_window -types Layout -mru] -setting showVoltageArea -value true
gui_set_setting -window [gui_get_current_window -types Layout -mru] -setting showVAGuardband -value true
win_set_select_class -visible {cell port bound routing_blockage shaping_blockage pg_region bump_region pseudo_bump pseudo_tsv pin_blockage block_shielding voltage_area topology_node topology_edge topology_repeater annotation_shape core_area die_area edit_group shape via terminal fill_cell metal_area metal_area_hole placement_blockage }
win_set_select_class {cell port bound routing_blockage shaping_blockage pg_region bump_region pseudo_bump pseudo_tsv pin_blockage voltage_area topology_node topology_edge topology_repeater annotation_shape edit_group shape via metal_area metal_area_hole placement_blockage }
gui_zoom -window [gui_get_current_window -view] -full

set_block_pin_constraints -self -allowed_layers {M3 M5} -sides {1 3}

place_pins -ports [get_ports -filter "direction==in"]

set_block_pin_constraints -self -allowed_layers {M4 M6} -sides {2 4}

place_pins -ports [get_ports -filter "direction==out"]
source -echo ../script/pns.tcl
check_pg_connectivity
check_pg_drc 
check_pg_missing_vias
gui_zoom -window [gui_get_current_window -types Layout -mru] -factor 2 -at_point {82.745 65.496}
gui_zoom -window [gui_get_current_window -types Layout -mru] -factor 2 -at_point {82.745 65.496}
gui_zoom -window [gui_get_current_window -types Layout -mru] -factor 0.5 -at_point {82.745 65.496}
gui_zoom -window [gui_get_current_window -types Layout -mru] -factor 0.5 -at_point {82.745 65.496}
win_select_objects -within {{14.142 53.700} {14.453 57.425}} -slct_targets global -slct_targets_operation clear
gui_zoom -window [gui_get_current_window -view] -full
gui_zoom -window [gui_get_current_window -types Layout -mru] -factor 2 -at_point {17.952 69.565}
gui_zoom -window [gui_get_current_window -types Layout -mru] -factor 2 -at_point {18.023 69.531}
gui_zoom -window [gui_get_current_window -types Layout -mru] -factor 2 -at_point {18.023 69.531}
gui_zoom -window [gui_get_current_window -types Layout -mru] -factor 2 -at_point {18.023 69.531}
gui_zoom -window [gui_get_current_window -types Layout -mru] -factor 2 -at_point {18.023 69.529}
gui_zoom -window [gui_get_current_window -types Layout -mru] -factor 0.5 -at_point {18.024 69.528}
gui_zoom -window [gui_get_current_window -types Layout -mru] -factor 0.5 -at_point {18.024 69.528}
gui_zoom -window [gui_get_current_window -types Layout -mru] -factor 0.5 -at_point {18.026 69.522}
win_select_objects -slct_targets global -at {23.538 66.181} -radius 0.0776
win_select_objects -slct_targets global -at {23.538 66.181} -radius 0.0776
gui_zoom -window [gui_get_current_window -view] -full
save_block -as router_top/6_floorplaning

get_lib_cells *CAP*

create_boundary_cells 	-left_boundary_cell saed32_hvt|saed32_hvt_std/DCAP_HVT \
		-right_boundary_cell saed32_hvt|saed32_hvt_std/DCAP_HVT \
		-bottom_boundary_cells saed32_hvt|saed32_hvt_std/DCAP_HVT \
		-top_boundary_cell saed32_hvt|saed32_hvt_std/DCAP_HVT

connect_pg_net

write_verilog logical_gln.v
write_sdc -output sdc_constraints.sdc
write_scan_def -output placed_design.def
report_area
report_utilization
report_area
report_utilization
check_design -checks pre_placement_stage
compile_fusion -from initial_place -to initial_place
legalize_placement
check_pg_drc
all_high_transitive_fanout -nets -threshold 10
report_design
report_timing
report_timing -max 10 
report_power
current_scenario
set_scenario_status {func.ss_m40c} -dynamic_power true
report_scenarios
report_power
report_qor -summary
report_optimization_history
save_block -as router_top/7_initial_placement

compile_fusion -from initial_drc -to initial_drc
report_design
# cell count should have increased
all_high_transitive_fanout -nets -threshold 100 
all_high_transitive_fanout -nets -threshold 40

# get scan chain number here it's 0
get_scan_chain_count
# GUI: bring up congestion map
# This will run: report_congestion -rerun_global_router
report_timing
report_power
report_qor -summary
report_optimization_history
save_block -as router_top/8_initial_drc
compile_fusion -from initial_opto -to initial_opto
legalize_placement
check_legality
check_pg_drc
report_design
report_timing
report_power
report_qor -summary
report_optimization_history
save_block -as router_top/9_initial_optimization
compile_fusion -from final_place -to final_place
check_legality
legalize_placement
report_design
report_timing
report_power
report_qor -summary
report_optimization_history
save_block -as router_top/10_final_placement
compile_fusion -from final_opto -to final_opto
report_design
report_timing
report_power
report_qor -summary
report_optimization_history
report_congestion -rerun_global_router
check_pg_drc
save_block -as router_top/11_final_optimization
set CTS [get_lib_cell "*/NBUF*LVT */NBUF*RVT */INVX*LVT */INVX*RVT */CGL* */LSUP* */*DFF*"]

set_dont_touch $CTS false
set_lib_cell_purpose -exclude cts [get_lib_cells]
set_lib_cell_purpose -include cts $CTS

set_app_options -list {cts.multisource.tap_selection {symmetric}}
set_app_options -list {cts.multisource.cell_em_aware {true}}

set cts_references [get_lib_cells -filter valid_purposes=~*cts*]

check_design -checks pre_clock_tree_stage
source -echo ../../../lab_8a/scripts/ndr.tcl
set_regular_multisource_clock_tree_options -clock clk\
-topology htree_only\
-tap_boxes {4 4}\
-tap_lib_cells [get_lib_cells */NBUF*RVT]\
-htree_lib_cells [get_lib_cells */NBUF*RVT]\
-htree_layers {M6 M7}\
-htree_routing_rule cts_w2_s2_vlg

synthesize_regular_multisource_clock_trees

set_lib_cell_purpose -include cts [get_lib_cells $cts_references]

get_cells *clk*
set tap [get_cells {clk_drv_r1c1 clk_drv_r1c2 clk_drv_r1c3 clk_drv_r1c4 clk_drv_r1c5 clk_drv_r1c6 clk_drv_r1c7 clk_drv_r1c8 clk_drv_r2c1 clk_drv_r2c2 clk_drv_r2c3 clk_drv_r2c4 clk_drv_r2c5 clk_drv_r2c6 clk_drv_r2c7 clk_drv_r2c8 clk_drv_r3c1 clk_drv_r3c2 clk_drv_r3c3 clk_drv_r3c4 clk_drv_r3c5 clk_drv_r3c6 clk_drv_r3c7 clk_drv_r3c8 clk_drv_r4c1 clk_drv_r4c2 clk_drv_r4c3 clk_drv_r4c4 clk_drv_r4c5 clk_drv_r4c6 clk_drv_r4c7 clk_drv_r4c8 clk_drv_r5c1 clk_drv_r5c2 clk_drv_r5c3 clk_drv_r5c4 clk_drv_r5c5 clk_drv_r5c6 clk_drv_r5c7 clk_drv_r5c8 clk_drv_r6c1 clk_drv_r6c2 clk_drv_r6c3 clk_drv_r6c4 clk_drv_r6c5 clk_drv_r6c6 clk_drv_r6c7 clk_drv_r6c8 clk_drv_r7c1 clk_drv_r7c2 clk_drv_r7c3 clk_drv_r7c4 clk_drv_r7c5 clk_drv_r7c6 clk_drv_r7c7 clk_drv_r7c8 clk_drv_r8c1 clk_drv_r8c2 clk_drv_r8c3 clk_drv_r8c4 clk_drv_r8c5 clk_drv_r8c6 clk_drv_r8c7 clk_drv_r8c8}]
change_selection $tap
check_legality

get_cells *clk*
set tap_driven [get_cells *clk_drv*]
sizeof_collection $tap_driven

set tap_driven_pins [get_pins -of_objects $tap_driven -filter "direction==out"]
puts "Tap_driven output pins = [sizeof_collection $tap_driven_pins]"
report_collection $tap_driven_pins

set num_taps [sizeof_collection $tap_driven_pins]

set_multisource_clock_tap_options -clock [get_clocks clk]\
-driver_objects $tap_driven_pins -num_taps $num_taps
report_multisource_clock_tap_options

synthesize_multisource_clock_taps

clock_opt -from build_clock -to route_clock
gui_show_map -window [gui_get_current_window -types Layout -mru] -map {Clock Tree} -show {true}
gui_set_map_option -map {Clock Tree} -option {clock} -value {test:clk}
gui_set_map_option -map {Clock Tree} -option {to_level} -value {3}
report_design
report_timing
gui_show_map -window [gui_get_current_window -types Layout -mru] -map {Clock Tree} -show {false}
report_timing -delay_type min
win_select_objects -slct_targets global -at {57.117 82.258} -radius 0.3104
report_clock
report_power
report_qor -summary
report_optimization_history
save_block -as router_top/12_clock_optimization_with_htree
check_design -checks pre_route_stage
route_auto
route_opt
check_legality
report_design
report_timing
report_power
report_optimization_history
report_qor -summary
check_design -check routability
check_routes
check_pg_connectivity
check_pg_drc
check_pg_missing_vias
report_constraints -all_violators
save_block -as router_top/13_Routing

get_lib_cells *FIL*
set filler [get_lib_cells *FIL*]
create_stdcell_fillers -lib_cells $filler
connect_pg_net
check_pg_drc
check_pg_missing_vias
check_pg_connectivity
check_legality
legalize_placement
save_block -as router_top/14_insert_filler_cells
save_lib
quit
